[0;3ï¿½ESP-ROM:esp32s3-20210327
Build:Mar 27 2021
rst:0x1 (POWERON),boot:0x8 (SPI_FAST_FLASH_BOOT)
SPIWP:0xee
mode:DIO, clock div:1
load:0x3fce2810,len:0x1874
load:0x403c8700,len:0x4
load:0x403c8704,len:0xd40
load:0x403cb700,len:0x2efc
entry 0x403c892c
[0;32mI (27) boot: ESP-IDF v5.4-dev-2744-g59e1838270-dirty 2nd stage bootloader[0m
[0;32mI (27) boot: compile time Mar 24 2025 13:14:34[0m
[0;32mI (28) boot: Multicore bootloader[0m
[0;32mI (32) boot: chip revision: v0.2[0m
[0;32mI (36) boot: efuse block revision: v1.3[0m
[0;32mI (40) boot.esp32s3: Boot SPI Speed : 80MHz[0m
[0;32mI (45) boot.esp32s3: SPI Mode       : DIO[0m
[0;32mI (50) boot.esp32s3: SPI Flash Size : 2MB[0m
[0;32mI (55) boot: Enabling RNG early entropy source...[0m
[0;32mI (60) boot: Partition Table:[0m
[0;32mI (64) boot: ## Label            Usage          Type ST Offset   Length[0m
[0;32mI (71) boot:  0 nvs              WiFi data        01 02 00009000 00006000[0m
[0;32mI (78) boot:  1 phy_init         RF data          01 01 0000f000 00001000[0m
[0;32mI (86) boot:  2 factory          factory app      00 00 00010000 00100000[0m
[0;32mI (93) boot: End of partition table[0m
[0;32mI (97) esp_image: segment 0: paddr=00010020 vaddr=3c020020 size=0a8f0h ( 43248) map[0m
[0;32mI (114) esp_image: segment 1: paddr=0001a918 vaddr=3fc92500 size=02a54h ( 10836) load[0m
[0;32mI (117) esp_image: segment 2: paddr=0001d374 vaddr=40374000 size=02ca4h ( 11428) load[0m
[0;32mI (125) esp_image: segment 3: paddr=00020020 vaddr=42000020 size=1b34ch (111436) map[0m
[0;32mI (151) esp_image: segment 4: paddr=0003b374 vaddr=40376ca4 size=0b7d0h ( 47056) load[0m
[0;32mI (167) boot: Loaded app from partition at offset 0x10000[0m
[0;32mI (167) boot: Disabling RNG early entropy source...[0m
[0;32mI (179) cpu_start: Multicore app[0m
[0;32mI (189) cpu_start: Pro cpu start user code[0m
[0;32mI (189) cpu_start: cpu freq: 160000000 Hz[0m
[0;32mI (189) app_init: Application information:[0m
[0;32mI (192) app_init: Project name:     adc_dma[0m
[0;32mI (197) app_init: App version:      1[0m
[0;32mI (201) app_init: Compile time:     Mar 24 2025 13:14:11[0m
[0;32mI (207) app_init: ELF file SHA256:  97ea67c5d...[0m
[0;32mI (212) app_init: ESP-IDF:          v5.4-dev-2744-g59e1838270-dirty[0m
[0;32mI (219) efuse_init: Min chip rev:     v0.0[0m
[0;32mI (224) efuse_init: Max chip rev:     v0.99 [0m
[0;32mI (229) efuse_init: Chip rev:         v0.2[0m
[0;32mI (234) heap_init: Initializing. RAM available for dynamic allocation:[0m
[0;32mI (241) heap_init: At 3FC95810 len 00053F00 (335 KiB): RAM[0m
[0;32mI (247) heap_init: At 3FCE9710 len 00005724 (21 KiB): RAM[0m
[0;32mI (253) heap_init: At 3FCF0000 len 00008000 (32 KiB): DRAM[0m
[0;32mI (260) heap_init: At 600FE100 len 00001EE8 (7 KiB): RTCRAM[0m
[0;32mI (267) spi_flash: detected chip: gd[0m
[0;32mI (270) spi_flash: flash io: dio[0m
[0;33mW (274) spi_flash: Detected size(16384k) larger than the size in the binary image header(2048k). Using the size in the binary image header.[0m
[0;32mI (287) sleep_gpio: Configure to isolate all GPIO pins in sleep state[0m
[0;32mI (295) sleep_gpio: Enable automatic switching of GPIO sleep configuration[0m
[0;32mI (302) main_task: Started on CPU0[0m
[0;32mI (322) main_task: Calling app_main()[0m
[0;32mI (322) QueueExample: Sender Task 1 sent: 10[0m
[0;32mI (322) QueueExample: Created task SenderTask1[0m
[0;32mI (322) QueueExample: Receiver received: 10[0m
[0;32mI (332) QueueExample: Created task ReceiverTask[0m
[0;32mI (332) main_task: Returned from app_main()[0m
[0;32mI (822) QueueExample: Sender Task 1 sent: 20[0m
[0;32mI (822) QueueExample: Receiver received: 20[0m
[0;32mI (1322) QueueExample: Sender Task 1 sent: 30[0m
[0;32mI (1322) QueueExample: Receiver received: 30[0m
[0;32mI (1822) QueueExample: Sender Task 1 sent: 40[0m
[0;32mI (1822) QueueExample: Receiver received: 40[0m
[0;32mI (2322) QueueExample: Sender Task 1 sent: 50[0m
[0;32mI (2322) QueueExample: Receiver received: 50[0m
[0;32mI (2822) QueueExample: Sender Task 1 sent: 10[0m
[0;32mI (2822) QueueExample: Receiver received: 10[0m
[0;32mI (3322) QueueExample: Sender Task 1 sent: 20[0m
[0;32mI (3322) QueueExample: Receiver received: 20[0m
[0;32mI (3822) QueueExample: Sender Task 1 sent: 30[0m
[0;32mI (3822) QueueExample: Receiver received: 30[0m
[0;32mI (4322) QueueExample: Sender Task 1 sent: 40[0m
[0;32mI (4322) QueueExample: Receiver received: 40[0m
[0;32mI (4822) QueueExample: Sender Task 1 sent: 50[0m
[0;32mI (4822) QueueExample: Receiver received: 50[0m
[0;32mI (5322) QueueExample: Sender Task 1 sent: 10[0m
[0;32mI (5322) QueueExample: Receiver received: 10[0m
[0;32mI (5822) QueueExample: Sender Task 1 sent: 20[0m
[0;32mI (5822) QueueExample: Receiver received: 20[0m
[0;32mI (6322) QueueExample: Sender Task 1 sent: 30[0m
[0;32mI (6322) QueueExample: Receiver received: 30[0m
[0;32mI (6822) QueueExample: Sender Task 1 sent: 40[0m
[0;32mI (6822) QueueExample: Receiver received: 40[0m
[0;32mI (7322) QueueExample: Sender Task 1 sent: 50[0m
[0;32mI (7322) QueueExample: Receiver received: 50[0m
[0;32mI (7822) QueueExample: Sender Task 1 sent: 10[0m
[0;32mI (7822) QueueExample: Receiver received: 10[0m
[0;32mI (8322) QueueExample: Sender Task 1 sent: 20[0m
[0;32mI (8322) QueueExample: Receiver received: 20[0m
[0;32mI (8822) QueueExample: Sender Task 1 sent: 30[0m
[0;32mI (8822) QueueExample: Receiver received: 30[0m
[0;32mI (9322) QueueExample: Sender Task 1 sent: 40[0m
[0;32mI (9322) QueueExample: Receiver received: 40[0m
[0;32mI (9822) QueueExample: Sender Task 1 sent: 50[0m
[0;32mI (9822) QueueExample: Receiver received: 50[0m
[0;32mI (10322) QueueExample: Sender Task 1 sent: 10[0m
[0;32mI (10322) QueueExample: Receiver received: 10[0m
[0;32mI (10822) QueueExample: Sender Task 1 sent: 20[0m
[0;32mI (10822) QueueExample: Receiver received: 20[0m
[0;32mI (11322) QueueExample: Sender Task 1 sent: 30[0m
[0;32mI (11322) QueueExample: Receiver received: 30[0m
[0;32mI (11822) QueueExample: Sender Task 1 sent: 40[0m
[0;32mI (11822) QueueExample: Receiver received: 40[0m
[0;32mI (12322) QueueExample: Sender Task 1 sent: 50[0m
[0;32mI (12322) QueueExample: Receiver received: 50[0m
[0;32mI (12822) QueueExample: Sender Task 1 sent: 10[0m
[0;32mI (12822) QueueExample: Receiver received: 10[0m
[0;32mI (13322) QueueExample: Sender Task 1 sent: 20[0m
[0;32mI (13322) QueueExample: Receiver received: 20[0m
[0;32mI (13822) QueueExample: Sender Task 1 sent: 30[0m
[0;32mI (13822) QueueExample: Receiver received: 30[0m
[0;32mI (14322) QueueExample: Sender Task 1 sent: 40[0m
[0;32mI (14322) QueueExample: Receiver received: 40[0m
[0;32mI (14822) QueueExample: Sender Task 1 sent: 50[0m
[0;32mI (14822) QueueExample: Receiver received: 50[0m
[0;32mI (15322) QueueExample: Sender Task 1 sent: 10[0m
[0;32mI (15322) QueueExample: Receiver received: 10[0m
[0;32mI (15822) QueueExample: Sender Task 1 sent: 20[0m
[0;32mI (15822) QueueExample: Receiver received: 20[0m
[0;32mI (16322) QueueExample: Sender Task 1 sent: 30[0m
[0;32mI (16322) QueueExample: Receiver received: 30[0m
[0;32mI (16822) QueueExample: Sender Task 1 sent: 40[0m
[0;32mI (16822) QueueExample: Receiver received: 40[0m
[0;32mI (17322) QueueExample: Sender Task 1 sent: 50[0m
[0;32mI (17322) QueueExample: Receiver received: 50[0m
[0;32mI (17822) QueueExample: Sender Task 1 sent: 10[0m
[0;32mI (17822) QueueExample: Receiver received: 10[0m
[0;32mI (18322) QueueExample: Sender Task 1 sent: 20[0m
[0;32mI (18322) QueueExample: Receiver received: 20[0m
[0;32mI (18822) QueueExample: Sender Task 1 sent: 30[0m
[0;32mI (18822) QueueExample: Receiver received: 30[0m
[0;32mI (19322) QueueExample: Sender Task 1 sent: 40[0m
[0;32mI (19322) QueueExample: Receiver received: 40[0m
[0;32mI (19822) QueueExample: Sender Task 1 sent: 50[0m
[0;32mI (19822) QueueExample: Receiver received: 50[0m
[0;32mI (20322) QueueExample: Sender Task 1 sent: 10[0m
[0;32mI (20322) QueueExample: Receiver received: 10[0m
[0;32mI (20822) QueueExample: Sender Task 1 sent: 20[0m
[0;32mI (20822) QueueExample: Receiver received: 20[0m
[0;32mI (21322) QueueExample: Sender Task 1 sent: 30[0m
[0;32mI (21322) QueueExample: Receiver received: 30[0m
[0;32mI (21822) QueueExample: Sender Task 1 sent: 40[0m
[0;32mI (21822) QueueExample: Receiver received: 40[0m
[0;32mI (22322) QueueExample: Sender Task 1 sent: 50[0m
[0;32mI (22322) QueueExample: Receiver received: 50[0m
[0;32mI (22822) QueueExample: Sender Task 1 sent: 10[0m
[0;32mI (22822) QueueExample: Receiver received: 10[0m
[0;32mI (23322) QueueExample: Sender Task 1 sent: 20[0m
[0;32mI (23322) QueueExample: Receiver received: 20[0m
[0;32mI (23822) QueueExample: Sender Task 1 sent: 30[0m
[0;32mI (23822) QueueExample: Receiver received: 30[0m
[0;32mI (24322) QueueExample: Sender Task 1 sent: 40[0m
[0;32mI (24322) QueueExample: Receiver received: 40[0m
[0;32mI (24822) QueueExample: Sender Task 1 sent: 50[0m
[0;32mI (24822) QueueExample: Receiver received: 50[0m
