;32mI (295) sleep_ï¿½ESP-ROM:esp32s3-20210327
Build:Mar 27 2021
rst:0x1 (POWERON),boot:0x8 (SPI_FAST_FLASH_BOOT)
SPIWP:0xee
mode:DIO, clock div:1
load:0x3fce2810,len:0x1874
load:0x403c8700,len:0x4
load:0x403c8704,len:0xd40
load:0x403cb700,len:0x2efc
entry 0x403c892c
[0;32mI (27) boot: ESP-IDF v5.4-dev-2744-g59e1838270-dirty 2nd stage bootloader[0m
[0;32mI (27) boot: compile time Mar 24 2025 13:14:34[0m
[0;32mI (28) boot: Multicore bootloader[0m
[0;32mI (32) boot: chip revision: v0.2[0m
[0;32mI (36) boot: efuse block revision: v1.3[0m
[0;32mI (40) boot.esp32s3: Boot SPI Speed : 80MHz[0m
[0;32mI (45) boot.esp32s3: SPI Mode       : DIO[0m
[0;32mI (50) boot.esp32s3: SPI Flash Size : 2MB[0m
[0;32mI (55) boot: Enabling RNG early entropy source...[0m
[0;32mI (60) boot: Partition Table:[0m
[0;32mI (64) boot: ## Label            Usage          Type ST Offset   Length[0m
[0;32mI (71) boot:  0 nvs              WiFi data        01 02 00009000 00006000[0m
[0;32mI (78) boot:  1 phy_init         RF data          01 01 0000f000 00001000[0m
[0;32mI (86) boot:  2 factory          factory app      00 00 00010000 00100000[0m
[0;32mI (93) boot: End of partition table[0m
[0;32mI (97) esp_image: segment 0: paddr=00010020 vaddr=3c020020 size=0a8e0h ( 43232) map[0m
[0;32mI (114) esp_image: segment 1: paddr=0001a908 vaddr=3fc92500 size=02a54h ( 10836) load[0m
[0;32mI (117) esp_image: segment 2: paddr=0001d364 vaddr=40374000 size=02cb4h ( 11444) load[0m
[0;32mI (125) esp_image: segment 3: paddr=00020020 vaddr=42000020 size=1b32ch (111404) map[0m
[0;32mI (151) esp_image: segment 4: paddr=0003b354 vaddr=40376cb4 size=0b7c0h ( 47040) load[0m
[0;32mI (167) boot: Loaded app from partition at offset 0x10000[0m
[0;32mI (167) boot: Disabling RNG early entropy source...[0m
[0;32mI (179) cpu_start: Multicore app[0m
[0;32mI (189) cpu_start: Pro cpu start user code[0m
[0;32mI (189) cpu_start: cpu freq: 160000000 Hz[0m
[0;32mI (189) app_init: Application information:[0m
[0;32mI (192) app_init: Project name:     adc_dma[0m
[0;32mI (197) app_init: App version:      1[0m
[0;32mI (201) app_init: Compile time:     Mar 24 2025 13:14:11[0m
[0;32mI (207) app_init: ELF file SHA256:  2193019f8...[0m
[0;32mI (212) app_init: ESP-IDF:          v5.4-dev-2744-g59e1838270-dirty[0m
[0;32mI (219) efuse_init: Min chip rev:     v0.0[0m
[0;32mI (224) efuse_init: Max chip rev:     v0.99 [0m
[0;32mI (229) efuse_init: Chip rev:         v0.2[0m
[0;32mI (234) heap_init: Initializing. RAM available for dynamic allocation:[0m
[0;32mI (241) heap_init: At 3FC95808 len 00053F08 (335 KiB): RAM[0m
[0;32mI (247) heap_init: At 3FCE9710 len 00005724 (21 KiB): RAM[0m
[0;32mI (253) heap_init: At 3FCF0000 len 00008000 (32 KiB): DRAM[0m
[0;32mI (260) heap_init: At 600FE100 len 00001EE8 (7 KiB): RTCRAM[0m
[0;32mI (267) spi_flash: detected chip: gd[0m
[0;32mI (270) spi_flash: flash io: dio[0m
[0;33mW (274) spi_flash: Detected size(16384k) larger than the size in the binary image header(2048k). Using the size in the binary image header.[0m
[0;32mI (287) sleep_gpio: Configure to isolate all GPIO pins in sleep state[0m
[0;32mI (295) sleep_gpio: Enable automatic switching of GPIO sleep configuration[0m
[0;32mI (302) main_task: Started on CPU0[0m
[0;32mI (322) main_task: Calling app_main()[0m
[0;32mI (322) QueueExample: Sender Task 1 sent: 10[0m
[0;32mI (322) QueueExample: Created task SenderTask1[0m
[0;32mI (322) QueueExample: Sender Task 2 sent: 20[0m
[0;32mI (332) QueueExample: Created task SenderTask2[0m
[0;32mI (332) QueueExample: Sender Task 3 sent: 30[0m
[0;32mI (342) QueueExample: Created task SenderTask3[0m
[0;32mI (342) QueueExample: Sender Task 4 sent: 40[0m
[0;32mI (352) QueueExample: Created task SenderTask4[0m
[0;32mI (352) QueueExample: Sender Task 5 sent: 50[0m
[0;32mI (362) QueueExample: Created task SenderTask5[0m
[0;32mI (362) QueueExample: Sender Task 6 sent: 60[0m
[0;32mI (372) QueueExample: Created task SenderTask6[0m
[0;32mI (372) QueueExample: Sender Task 7 sent: 70[0m
[0;32mI (382) QueueExample: Created task SenderTask7[0m
[0;32mI (382) QueueExample: Sender Task 8 sent: 80[0m
[0;32mI (392) QueueExample: Created task SenderTask8[0m
[0;32mI (392) QueueExample: Sender Task 9 sent: 90[0m
[0;32mI (402) QueueExample: Created task SenderTask9[0m
[0;32mI (402) QueueExample: Sender Task 10 sent: 100[0m
[0;32mI (412) QueueExample: Created task SenderTask10[0m
[0;32mI (412) QueueExample: Sender Task 11 sent: 110[0m
[0;32mI (422) QueueExample: Created task SenderTask11[0m
[0;32mI (432) QueueExample: Sender Task 12 sent: 120[0m
[0;32mI (432) QueueExample: Created task SenderTask12[0m
[0;32mI (442) QueueExample: Sender Task 13 sent: 130[0m
[0;32mI (442) QueueExample: Created task SenderTask13[0m
[0;32mI (452) QueueExample: Sender Task 14 sent: 140[0m
[0;32mI (452) QueueExample: Created task SenderTask14[0m
[0;32mI (462) QueueExample: Sender Task 15 sent: 150[0m
[0;32mI (462) QueueExample: Created task SenderTask15[0m
[0;32mI (472) QueueExample: Receiver received: 10[0m
[0;32mI (472) QueueExample: Created task ReceiverTask[0m
[0;32mI (482) main_task: Returned from app_main()[0m
[0;32mI (572) QueueExample: Receiver received: 20[0m
[0;32mI (672) QueueExample: Receiver received: 30[0m
[0;32mI (772) QueueExample: Receiver received: 40[0m
[0;32mI (822) QueueExample: Sender Task 1 sent: 10[0m
[0;32mI (832) QueueExample: Sender Task 2 sent: 20[0m
[0;32mI (842) QueueExample: Sender Task 3 sent: 30[0m
[0;32mI (852) QueueExample: Sender Task 4 sent: 40[0m
[0;32mI (862) QueueExample: Sender Task 5 sent: 50[0m
[0;32mI (872) QueueExample: Sender Task 6 sent: 60[0m
[0;32mI (872) QueueExample: Receiver received: 50[0m
[0;32mI (882) QueueExample: Sender Task 7 sent: 70[0m
[0;32mI (892) QueueExample: Sender Task 8 sent: 80[0m
[0;32mI (902) QueueExample: Sender Task 9 sent: 90[0m
[0;32mI (912) QueueExample: Sender Task 10 sent: 100[0m
[0;32mI (972) QueueExample: Sender Task 11 sent: 110[0m
[0;32mI (972) QueueExample: Receiver received: 60[0m
[0;33mW (1032) QueueExample: Sender Task 12 failed to send[0m
[0;33mW (1042) QueueExample: Sender Task 13 failed to send[0m
[0;33mW (1052) QueueExample: Sender Task 14 failed to send[0m
[0;33mW (1062) QueueExample: Sender Task 15 failed to send[0m
[0;32mI (1072) QueueExample: Receiver received: 70[0m
[0;32mI (1172) QueueExample: Receiver received: 80[0m
[0;32mI (1272) QueueExample: Receiver received: 90[0m
[0;32mI (1322) QueueExample: Sender Task 1 sent: 10[0m
[0;32mI (1332) QueueExample: Sender Task 2 sent: 20[0m
[0;32mI (1342) QueueExample: Sender Task 3 sent: 30[0m
[0;32mI (1372) QueueExample: Sender Task 4 sent: 40[0m
[0;32mI (1372) QueueExample: Receiver received: 100[0m
[0;33mW (1462) QueueExample: Sender Task 5 failed to send[0m
[0;33mW (1472) QueueExample: Sender Task 6 failed to send[0m
[0;32mI (1472) QueueExample: Sender Task 7 sent: 70[0m
[0;32mI (1472) QueueExample: Receiver received: 110[0m
[0;33mW (1492) QueueExample: Sender Task 8 failed to send[0m
[0;33mW (1502) QueueExample: Sender Task 9 failed to send[0m
[0;33mW (1512) QueueExample: Sender Task 10 failed to send[0m
[0;33mW (1572) QueueExample: Sender Task 11 failed to send[0m
[0;32mI (1572) QueueExample: Sender Task 12 sent: 120[0m
[0;32mI (1572) QueueExample: Receiver received: 120[0m
[0;33mW (1642) QueueExample: Sender Task 13 failed to send[0m
[0;33mW (1652) QueueExample: Sender Task 14 failed to send[0m
[0;33mW (1662) QueueExample: Sender Task 15 failed to send[0m
[0;32mI (1672) QueueExample: Receiver received: 130[0m
[0;32mI (1772) QueueExample: Receiver received: 140[0m
[0;32mI (1822) QueueExample: Sender Task 1 sent: 10[0m
[0;32mI (1832) QueueExample: Sender Task 2 sent: 20[0m
[0;32mI (1872) QueueExample: Sender Task 3 sent: 30[0m
[0;32mI (1872) QueueExample: Receiver received: 150[0m
[0;33mW (1972) QueueExample: Sender Task 4 failed to send[0m
[0;32mI (1972) QueueExample: Sender Task 5 sent: 50[0m
[0;32mI (1972) QueueExample: Receiver received: 10[0m
[0;33mW (2072) QueueExample: Sender Task 6 failed to send[0m
[0;33mW (2072) QueueExample: Sender Task 7 failed to send[0m
[0;32mI (2072) QueueExample: Sender Task 8 sent: 80[0m
[0;32mI (2072) QueueExample: Receiver received: 20[0m
[0;33mW (2102) QueueExample: Sender Task 9 failed to send[0m
[0;33mW (2112) QueueExample: Sender Task 10 failed to send[0m
[0;33mW (2172) QueueExample: Sender Task 11 failed to send[0m
[0;33mW (2172) QueueExample: Sender Task 12 failed to send[0m
[0;32mI (2182) QueueExample: Sender Task 13 sent: 130[0m
[0;32mI (2182) QueueExample: Receiver received: 30[0m
[0;33mW (2252) QueueExample: Sender Task 14 failed to send[0m
[0;33mW (2262) QueueExample: Sender Task 15 failed to send[0m
[0;32mI (2282) QueueExample: Receiver received: 40[0m
[0;32mI (2322) QueueExample: Sender Task 1 sent: 10[0m
[0;32mI (2382) QueueExample: Sender Task 2 sent: 20[0m
[0;32mI (2382) QueueExample: Receiver received: 50[0m
[0;33mW (2472) QueueExample: Sender Task 3 failed to send[0m
[0;32mI (2482) QueueExample: Sender Task 4 sent: 40[0m
[0;32mI (2482) QueueExample: Receiver received: 60[0m
[0;33mW (2572) QueueExample: Sender Task 5 failed to send[0m
[0;32mI (2582) QueueExample: Sender Task 6 sent: 60[0m
[0;32mI (2582) QueueExample: Receiver received: 70[0m
[0;33mW (2672) QueueExample: Sender Task 7 failed to send[0m
[0;33mW (2672) QueueExample: Sender Task 8 failed to send[0m
[0;32mI (2682) QueueExample: Sender Task 9 sent: 90[0m
[0;32mI (2682) QueueExample: Receiver received: 80[0m
[0;33mW (2712) QueueExample: Sender Task 10 failed to send[0m
[0;33mW (2772) QueueExample: Sender Task 11 failed to send[0m
[0;33mW (2772) QueueExample: Sender Task 12 failed to send[0m
[0;33mW (2782) QueueExample: Sender Task 13 failed to send[0m
[0;32mI (2782) QueueExample: Sender Task 14 sent: 140[0m
[0;32mI (2782) QueueExample: Receiver received: 90[0m
[0;33mW (2862) QueueExample: Sender Task 15 failed to send[0m
[0;32mI (2882) QueueExample: Sender Task 1 sent: 10[0m
[0;32mI (2882) QueueExample: Receiver received: 100[0m
[0;33mW (2982) QueueExample: Sender Task 2 failed to send[0m
[0;32mI (2982) QueueExample: Sender Task 3 sent: 30[0m
[0;32mI (2982) QueueExample: Receiver received: 110[0m
